---
source: narwhal/config/tests/config_tests.rs
expression: worker_cache
---
{
  "workers": {
    "aleo19vqr0cv6yxydfzpxjvewsgycqsxm6sty6yucs3vaktlsu3u6cg9q7c7gsp": {
      "0": {
        "name": "R8LdQazrdvWV8VnBkDEy5PepH2lzLMiMAUPA41XeWIM=",
        "transactions": "/ip4/127.0.0.1/tcp/0/http",
        "worker_address": "/ip4/127.0.0.1/udp/0"
      },
      "1": {
        "name": "sFFGnlg9p0c4RsQU+rhUuZtS2MEWdMBpXbCay61aK0Y=",
        "transactions": "/ip4/127.0.0.1/tcp/0/http",
        "worker_address": "/ip4/127.0.0.1/udp/0"
      },
      "2": {
        "name": "Ajq49CEM7fdViIUFLI3kSQHZBWHwYLnDL0eKFwj6I8c=",
        "transactions": "/ip4/127.0.0.1/tcp/0/http",
        "worker_address": "/ip4/127.0.0.1/udp/0"
      },
      "3": {
        "name": "xzjTrm/eiE/LT5Cxuy97q0+SJUWI2TPdI36fkXGzX2M=",
        "transactions": "/ip4/127.0.0.1/tcp/0/http",
        "worker_address": "/ip4/127.0.0.1/udp/0"
      }
    },
    "aleo1r2hsvg5pqvs5eund3rm6flzktkvnvnxl8rts0clzedut6wftlqrq2ynk78": {
      "0": {
        "name": "EEH9XNcWIqKwLnvsXNiF7w18ZktkyJ3/u7nf3sMLSys=",
        "transactions": "/ip4/127.0.0.1/tcp/0/http",
        "worker_address": "/ip4/127.0.0.1/udp/0"
      },
      "1": {
        "name": "kKeH0HXsVXgxCRJcndOms2z0uDmNULxDC6zl/40czLU=",
        "transactions": "/ip4/127.0.0.1/tcp/0/http",
        "worker_address": "/ip4/127.0.0.1/udp/0"
      },
      "2": {
        "name": "YHOuG/HTlDPjQsR5lGZUS98ivZLmpaDjjFxDkn4vj5g=",
        "transactions": "/ip4/127.0.0.1/tcp/0/http",
        "worker_address": "/ip4/127.0.0.1/udp/0"
      },
      "3": {
        "name": "i3oZxOqZcAxqv2JZSWGyGJ7yKReGHm6fF0jdoDIJyt4=",
        "transactions": "/ip4/127.0.0.1/tcp/0/http",
        "worker_address": "/ip4/127.0.0.1/udp/0"
      }
    },
    "aleo1se3y988xnw65yhldxdjjs5u8dtdh5gcvj4c2agrhhgdjelgemcys5kn7yu": {
      "0": {
        "name": "Egaa5aBYABzvt/ITBOgQLrX+7EbCHCUhR9BDp+SiSLU=",
        "transactions": "/ip4/127.0.0.1/tcp/0/http",
        "worker_address": "/ip4/127.0.0.1/udp/0"
      },
      "1": {
        "name": "dGLK2iPqtkUypO6JYRD6e/UU9cHWdbkjrTnY+6yPIxc=",
        "transactions": "/ip4/127.0.0.1/tcp/0/http",
        "worker_address": "/ip4/127.0.0.1/udp/0"
      },
      "2": {
        "name": "YTobpBEh9VJk/ey3CpOS2Bg7qtitwdMFKzK+eMEDGiA=",
        "transactions": "/ip4/127.0.0.1/tcp/0/http",
        "worker_address": "/ip4/127.0.0.1/udp/0"
      },
      "3": {
        "name": "Kdyxzt23Ek1X+AUMajMdM9iWYCi7rZ2/piJiRpUjfuU=",
        "transactions": "/ip4/127.0.0.1/tcp/0/http",
        "worker_address": "/ip4/127.0.0.1/udp/0"
      }
    },
    "aleo1ukyjtjp8vm67k2zwaqj7jfnke6kjtlac3w40994hxz54h4z8j5xqlknymw": {
      "0": {
        "name": "t6A16gbi+JHE5+mC13oJD9m7gDEzZsfyS4JsOOagD10=",
        "transactions": "/ip4/127.0.0.1/tcp/0/http",
        "worker_address": "/ip4/127.0.0.1/udp/0"
      },
      "1": {
        "name": "JmsJ5rvVk7DwomQVm74zWvvdCVs0SiYZmLcbrfFtMbY=",
        "transactions": "/ip4/127.0.0.1/tcp/0/http",
        "worker_address": "/ip4/127.0.0.1/udp/0"
      },
      "2": {
        "name": "YOtghyu87IQqmTeGtUHtzdPbn8ftV4cdf44lp5r4HqM=",
        "transactions": "/ip4/127.0.0.1/tcp/0/http",
        "worker_address": "/ip4/127.0.0.1/udp/0"
      },
      "3": {
        "name": "l33ZQUq0iHg9MvWIebcK4ZzFLGFEMpMWVxv/GxKnJ4I=",
        "transactions": "/ip4/127.0.0.1/tcp/0/http",
        "worker_address": "/ip4/127.0.0.1/udp/0"
      }
    }
  },
  "epoch": 0
}
