---
source: narwhal/config/tests/config_tests.rs
expression: worker_cache
---
{
  "workers": {
    "aleo19vqr0cv6yxydfzpxjvewsgycqsxm6sty6yucs3vaktlsu3u6cg9q7c7gsp": {
      "0": {
        "name": "XfUKCTzkq/woZ4O5HhvOQYx2Mjmj53+b2Zvf47bUNAs=",
        "transactions": "/ip4/127.0.0.1/tcp/0/http",
        "worker_address": "/ip4/127.0.0.1/udp/0"
      },
      "1": {
        "name": "ImcEJdnkJHGWWGfpkBU8v79yfxiBRd5dSk2fmgVot38=",
        "transactions": "/ip4/127.0.0.1/tcp/0/http",
        "worker_address": "/ip4/127.0.0.1/udp/0"
      },
      "2": {
        "name": "wtCRbRtWxzwz1mf3mzcJZYlJSzmWIQriK6XTW558nX8=",
        "transactions": "/ip4/127.0.0.1/tcp/0/http",
        "worker_address": "/ip4/127.0.0.1/udp/0"
      },
      "3": {
        "name": "6AXMr5ld8Tk2FSAG7nzpRNnxB9i/A2jvMHEo45HL1fU=",
        "transactions": "/ip4/127.0.0.1/tcp/0/http",
        "worker_address": "/ip4/127.0.0.1/udp/0"
      }
    },
    "aleo1r2hsvg5pqvs5eund3rm6flzktkvnvnxl8rts0clzedut6wftlqrq2ynk78": {
      "0": {
        "name": "8mDA/X8DSIDB1xgO2aWggBs6c1CHpwO/8yOObxDvDVg=",
        "transactions": "/ip4/127.0.0.1/tcp/0/http",
        "worker_address": "/ip4/127.0.0.1/udp/0"
      },
      "1": {
        "name": "qk4EPcTqK1qa8nSDxvWLOc4eNK08K8jStJYuu4r19/I=",
        "transactions": "/ip4/127.0.0.1/tcp/0/http",
        "worker_address": "/ip4/127.0.0.1/udp/0"
      },
      "2": {
        "name": "8g85A29s6Un8b8sRwTLdQ626jFtHpDJOwtWEVy2t7MA=",
        "transactions": "/ip4/127.0.0.1/tcp/0/http",
        "worker_address": "/ip4/127.0.0.1/udp/0"
      },
      "3": {
        "name": "G/U/v2tM7tdKo38u5pq67Q/5FVgCaNA/6IZDglefMmA=",
        "transactions": "/ip4/127.0.0.1/tcp/0/http",
        "worker_address": "/ip4/127.0.0.1/udp/0"
      }
    },
    "aleo1se3y988xnw65yhldxdjjs5u8dtdh5gcvj4c2agrhhgdjelgemcys5kn7yu": {
      "0": {
        "name": "Rl8pi3pQBvFS3qQ4Ge8XfGIWJ89Ig6gaG+hs27ITsoY=",
        "transactions": "/ip4/127.0.0.1/tcp/0/http",
        "worker_address": "/ip4/127.0.0.1/udp/0"
      },
      "1": {
        "name": "LEP9AK0+iW5NcUyhZbcmNIb5RYHgH69slDisEtztjG0=",
        "transactions": "/ip4/127.0.0.1/tcp/0/http",
        "worker_address": "/ip4/127.0.0.1/udp/0"
      },
      "2": {
        "name": "7e+czQHszqp2FRfx2nfFWAO0P62dYPZStGZrvhXxsrk=",
        "transactions": "/ip4/127.0.0.1/tcp/0/http",
        "worker_address": "/ip4/127.0.0.1/udp/0"
      },
      "3": {
        "name": "E9/Bo/26Ipc5+PcH6FrVcSX/vQpmNQOdnsvrQHha22g=",
        "transactions": "/ip4/127.0.0.1/tcp/0/http",
        "worker_address": "/ip4/127.0.0.1/udp/0"
      }
    },
    "aleo1ukyjtjp8vm67k2zwaqj7jfnke6kjtlac3w40994hxz54h4z8j5xqlknymw": {
      "0": {
        "name": "+vUstEd3Zwmk1MRBNU6KMe93it1bV/ouTWPUDuDQHOQ=",
        "transactions": "/ip4/127.0.0.1/tcp/0/http",
        "worker_address": "/ip4/127.0.0.1/udp/0"
      },
      "1": {
        "name": "tA1h9P/tjZVdIaW52V7TMpsYevOffi+wZ52uzvqizy8=",
        "transactions": "/ip4/127.0.0.1/tcp/0/http",
        "worker_address": "/ip4/127.0.0.1/udp/0"
      },
      "2": {
        "name": "a+K1bOynGp8UECGdYL1AKu+VboCKFzkuas1YrJv9USs=",
        "transactions": "/ip4/127.0.0.1/tcp/0/http",
        "worker_address": "/ip4/127.0.0.1/udp/0"
      },
      "3": {
        "name": "4kBB/sEnfuQrFVX4wKIWDruoWE0FdGQoAAxV3dH5Ruw=",
        "transactions": "/ip4/127.0.0.1/tcp/0/http",
        "worker_address": "/ip4/127.0.0.1/udp/0"
      }
    }
  },
  "epoch": 0
}
